  id | filename             | line | format string
  25 | main.cc              | 313  | Debug
  26 | main.cc              | 319  | Debug
  27 | main.cc              | 325  | Debug
  28 | main.cc              | 331  | Debug
  29 | main.cc              | 337  | Debug
